Fixture ready: http://fixture:4173 inside the desktop network; scenario=expired. Reload any open fixture page after reset.
{"id": "d1e9a253-5d4e-40f8-bcdd-ea9118355b9c", "display": ":99", "width": 1280, "height": 800, "viewer": "read-only", "mode": "bank", "windowId": 2097155, "windowClass": ["chromium (/tmp/interface-ai/chromium-profile)", "Chromium"], "appPid": 20, "sandbox": {"browserFilterCount": 1, "renderers": [{"pid": 138, "noNewPrivileges": true, "seccompMode": 2, "filterCount": 2, "pidNamespaceDepth": 3, "effectiveCapabilities": "0000000000000000", "disableSandboxFlag": false}, {"pid": 147, "noNewPrivileges": true, "seccompMode": 2, "filterCount": 2, "pidNamespaceDepth": 3, "effectiveCapabilities": "0000000000000000", "disableSandboxFlag": false}, {"pid": 148, "noNewPrivileges": true, "seccompMode": 2, "filterCount": 2, "pidNamespaceDepth": 3, "effectiveCapabilities": "0000000000000000", "disableSandboxFlag": false}]}, "pids": {"display": 8, "window manager": 13, "Chromium": 20, "read-only VNC": 198, "web viewer": 199}, "inputStopped": false}
Read-only viewer: http://127.0.0.1:6080/vnc.html?autoconnect=true&resize=scale&view_only=true
 Container interface-ai-fixture-1  Recreate
 Container interface-ai-fixture-1  Recreated
 Container interface-ai-fixture-1  Starting
 Container interface-ai-fixture-1  Started
 Container interface-ai-fixture-1  Waiting
 Container interface-ai-fixture-1  Healthy
 Container interface-ai-gateway-1  Recreate
 Container interface-ai-gateway-1  Recreated
 Container interface-ai-gateway-1  Starting
 Container interface-ai-gateway-1  Started
 Container interface-ai-gateway-1  Waiting
 Container interface-ai-gateway-1  Healthy
 Container interface-ai-desktop-1  Recreate
 Container interface-ai-desktop-1  Recreated
 Container interface-ai-viewer-1  Recreate
 Container interface-ai-viewer-1  Recreated
 Container interface-ai-desktop-1  Starting
 Container interface-ai-desktop-1  Started
 Container interface-ai-desktop-1  Waiting
 Container interface-ai-desktop-1  Healthy
 Container interface-ai-viewer-1  Starting
 Container interface-ai-viewer-1  Started
 Container interface-ai-desktop-1  Waiting
 Container interface-ai-viewer-1  Waiting
 Container interface-ai-desktop-1  Healthy
 Container interface-ai-viewer-1  Healthy
