RUN provenance
PASSED provenance
RUN shutdown-fresh-start-repeated-start
PASSED shutdown-fresh-start-repeated-start
RUN native-input-viewer-stop
PASSED native-input-viewer-stop
RUN live-session-exclusivity-stop-guards
PASSED live-session-exclusivity-stop-guards
RUN browser-input-and-sandbox
PASSED browser-input-and-sandbox
RUN isolation-and-runtime-source
PASSED isolation-and-runtime-source
RUN unit-tests
PASSED unit-tests
RUN validate-capability
PASSED validate-capability
RUN ten-baselines-seven-scenarios
PASSED ten-baselines-seven-scenarios
RUN preflight-stale-and-stopped-rejections
PASSED preflight-stale-and-stopped-rejections
RUN final-source-results-and-reset
PASSED final-source-results-and-reset
Evidence: /Users/phillip/interview/interface-ai/tmp/m1-checks/20260917T224250Z-616368e4
