[eval]:1
(crypto=>{{const fs=require('fs'),c=require('crypto'),m=JSON.parse(fs.readFileSync('/app/build-manifest.json')); for(const [p,h] of Object.entries(m.runtime))if(c.createHash('sha256').update(fs.readFileSync(p)).digest('hex')!==h)throw Error('Runtime bytes changed'); console.log(JSON.stringify(m))}})(require('node:crypto'))
                                                                                                                                                                                                                                     ^

Error: Runtime bytes changed
    at [eval]:1:236
    at [eval]:1:301
    at runScriptInThisContext (node:internal/vm:209:10)
    at node:internal/process/execution:446:12
    at [eval]-wrapper:6:24
    at runScriptInContext (node:internal/process/execution:444:60)
    at evalFunction (node:internal/process/execution:279:30)
    at evalTypeScript (node:internal/process/execution:291:3)
    at node:internal/main/eval_string:74:3

Node.js v22.23.2
{
  "editedEngine": {
    "status": "rejected",
    "reason": "desktop image is stale: engine/src/interface_ai/replay/loader.py; run make build"
  },
  "editedFixture": {
    "status": "rejected",
    "reason": "fixture image is stale: src/App.tsx; run make build"
  },
  "untrackedFixture": {
    "status": "rejected",
    "reason": "fixture image is stale: src/UntrackedProbe.ts; run make build"
  },
  "staleSchema": {
    "status": "rejected",
    "reason": "Published schemas differ from models: input-v1",
    "fileUnchanged": true
  },
  "changedCompiledAsset": {
    "status": "rejected",
    "asset": "/app/dist/assets/index-D_AKO1UL.js"
  },
  "restoredSource": {
    "status": "passed",
    "imageIds": {
      "desktop": "sha256:9dd0ed13cb2c4e7f390927b04ddbc3eb67d6af21839544d5a60e3d6fe04ed916",
      "fixture": "sha256:31ce5ad18026a7609e19e13938e47ae0294bec520e31684944c40782a71a09d5"
    }
  }
}
