#1 [internal] load local bake definitions
#1 reading from stdin 561B done
#1 DONE 0.0s

#2 [internal] load build definition from Dockerfile
#2 transferring dockerfile: 1.42kB done
#2 DONE 0.0s

#3 [internal] load metadata for docker.io/library/debian:bookworm-slim@sha256:88200866dfff7ea7f5cbcb6ec7c8a701889efe6fe859fe64d6990e4b07ea4171
#3 DONE 0.7s

#4 [internal] load .dockerignore
#4 transferring context: 174B done
#4 DONE 0.0s

#5 [ 1/10] FROM docker.io/library/debian:bookworm-slim@sha256:88200866dfff7ea7f5cbcb6ec7c8a701889efe6fe859fe64d6990e4b07ea4171
#5 resolve docker.io/library/debian:bookworm-slim@sha256:88200866dfff7ea7f5cbcb6ec7c8a701889efe6fe859fe64d6990e4b07ea4171 done
#5 DONE 0.0s

#6 [internal] load build context
#6 transferring context: 28.71kB done
#6 DONE 0.0s

#7 [ 5/10] COPY infra/desktop/*.py /opt/desktop/
#7 CACHED

#8 [ 2/10] RUN apt-get update && apt-get install -y --no-install-recommends     ca-certificates chromium fonts-dejavu-core tesseract-ocr=5.3.0-2 tesseract-ocr-eng=1:4.1.0-2     novnc openbox scrot websockify x11-utils x11vnc xauth xvfb     python3 python3-dev python3-tk python3-venv     && rm -rf /var/lib/apt/lists/*
#8 CACHED

#9 [ 3/10] COPY infra/desktop/requirements.lock /opt/desktop/requirements.lock
#9 CACHED

#10 [ 4/10] RUN python3 -m venv /opt/venv     && pip install --no-cache-dir --require-hashes -r /opt/desktop/requirements.lock     && useradd --create-home --uid 1000 desktop     && mkdir /artifacts /tmp/.X11-unix && chmod 1777 /tmp/.X11-unix     && chown desktop:desktop /artifacts     && dpkg-query -W > /opt/desktop/system-packages.txt
#10 CACHED

#11 [ 6/10] COPY infra/desktop/chromium-policy.json /etc/chromium/policies/managed/interface-ai.json
#11 CACHED

#12 [ 7/10] COPY engine /opt/engine/
#12 DONE 0.0s

#13 [ 8/10] COPY capabilities /opt/capabilities/
#13 DONE 0.0s

#14 [ 9/10] RUN python -m interface_ai.contracts.schema --output-dir /opt/capabilities/schemas
#14 DONE 0.2s

#15 [10/10] WORKDIR /home/desktop
#15 DONE 0.0s

#16 exporting to image
#16 exporting layers 0.0s done
#16 exporting manifest sha256:2df2fad963c8c99bbd5eabeaa0938516c50a8334cee43a5687ac1ef0d63c12dc done
#16 exporting config sha256:525d48ccc0ddb499ca3d3a3100c4d3fe45b90589845b241370db9a1b7fbf695e done
#16 exporting attestation manifest sha256:a4a3acd8542e3c2edadad416aa077b1bdb86c796b6e5ab7221678775686723e1 0.0s done
#16 exporting manifest list sha256:a9307172fc276799fa6be9ca0191a5338186bd148bd4335694a1d15b34f0b06e done
#16 naming to docker.io/library/interface-ai-desktop:local done
#16 unpacking to docker.io/library/interface-ai-desktop:local 0.0s done
#16 DONE 0.1s

#17 resolving provenance for metadata file
#17 DONE 0.0s
 interface-ai-desktop:local  Built
