 Container interface-ai-fixture-1  Recreate
 Container interface-ai-fixture-1  Recreated
 Container interface-ai-fixture-1  Starting
 Container interface-ai-fixture-1  Started
 Container interface-ai-fixture-1  Waiting
 Container interface-ai-fixture-1  Healthy
Fixture ready: http://fixture:4173 inside the desktop network; scenario=iframe. Reload any open fixture page after reset.
 Container interface-ai-gateway-1  Recreate
 Container interface-ai-gateway-1  Recreated
 Container interface-ai-gateway-1  Starting
 Container interface-ai-gateway-1  Started
 Container interface-ai-gateway-1  Waiting
 Container interface-ai-gateway-1  Healthy
 Container interface-ai-desktop-1  Recreate
 Container interface-ai-desktop-1  Recreated
 Container interface-ai-operator-1  Recreate
 Container interface-ai-operator-1  Recreated
 Container interface-ai-desktop-1  Starting
 Container interface-ai-desktop-1  Started
 Container interface-ai-desktop-1  Waiting
 Container interface-ai-desktop-1  Error
dependency failed to start: container interface-ai-desktop-1 exited (1)
