./scripts/desktop down
 Container interface-ai-gateway-1  Stopping
 Container interface-ai-operator-1  Stopping
 Container interface-ai-gateway-1  Stopped
 Container interface-ai-gateway-1  Removing
 Container interface-ai-gateway-1  Removed
 Container interface-ai-fixture-1  Stopping
 Container interface-ai-operator-1  Stopped
 Container interface-ai-operator-1  Removing
 Container interface-ai-operator-1  Removed
 Container interface-ai-desktop-1  Stopping
 Container interface-ai-fixture-1  Stopped
 Container interface-ai-fixture-1  Removing
 Container interface-ai-fixture-1  Removed
 Container interface-ai-desktop-1  Stopped
 Container interface-ai-desktop-1  Removing
 Container interface-ai-desktop-1  Removed
 Network interface-ai_operator  Removing
 Network interface-ai_fixture  Removing
 Network interface-ai_desktop  Removing
 Network interface-ai_fixture  Removed
 Network interface-ai_desktop  Removed
 Network interface-ai_operator  Removed
