
> @interface-ai/bank-fixture@0.1.0 test
> npm run build && playwright test


> @interface-ai/bank-fixture@0.1.0 build
> npm run typecheck && vite build


> @interface-ai/bank-fixture@0.1.0 typecheck
> tsc --noEmit

vite v8.3.0 building client environment for production...
transforming...
✓ 32 modules transformed.
rendering chunks...
computing gzip size...
dist/index.html                                      0.50 kB │ gzip:  0.31 kB
dist/assets/inter-latin-400-normal-C38fXH4l.woff2   23.66 kB
dist/assets/inter-latin-500-normal-Cerq10X2.woff2   24.27 kB
dist/assets/inter-latin-700-normal-Yt3aPRUw.woff2   24.35 kB
dist/assets/inter-latin-600-normal-LgqL8muc.woff2   24.45 kB
dist/assets/inter-latin-400-normal-CyCys3Eg.woff    30.69 kB
dist/assets/inter-latin-600-normal-CiBQ2DWP.woff    31.26 kB
dist/assets/inter-latin-500-normal-BL9OpVg8.woff    31.28 kB
dist/assets/inter-latin-700-normal-BLAVimhd.woff    31.32 kB
dist/assets/index-k4Vh3dD9.css                       9.83 kB │ gzip:  2.81 kB
dist/assets/index-D_AKO1UL.js                      232.59 kB │ gzip: 72.41 kB

✓ built in 60ms

Running 16 tests using 3 workers

  ✓   3 tests/fixture.spec.ts:5:1 › legacy shell nests the bank in two same-origin frames without broadening embedding elsewhere (750ms)
  ✓   1 tests/fixture.spec.ts:47:1 › policy scenario has a real synthetic risky control and untrusted instruction (870ms)
  ✓   4 tests/fixture.spec.ts:73:3 › savings lookup preserves identity 00123 (573ms)
  ✓   5 tests/fixture.spec.ts:73:3 › savings lookup preserves identity 00456 (514ms)
  ✓   2 tests/fixture.spec.ts:22:1 › expiry requires manual restoration and preserves the searched member (1.5s)
  ✓   8 tests/fixture.spec.ts:151:1 › invalid IDs are rejected without trimming, coercion, or silent padding (347ms)
  ✓   7 tests/fixture.spec.ts:141:1 › missing member is explicit and a later valid search recovers (773ms)
  ✓   6 tests/fixture.spec.ts:122:1 › return navigation and another member never retain the old balance (899ms)
  ✓   9 tests/fixture.spec.ts:161:1 › delayed search shows loading before resolving (2.2s)
  ✓  10 tests/fixture.spec.ts:172:1 › cancelled delayed search cannot overwrite a fresh search screen (2.3s)
  ✓  12 tests/fixture.spec.ts:191:1 › duplicate scenario presents two indistinguishable savings targets (476ms)
  ✓  11 tests/fixture.spec.ts:181:1 › blocked search never reaches a result and can be reset (2.3s)
  ✓  13 tests/fixture.spec.ts:209:1 › unreadable output never presents a numerical savings balance (503ms)
  ✓  15 tests/fixture.spec.ts:247:1 › only launch-time scenario controls apply; oracle and source are not served (486ms)
  ✓  14 tests/fixture.spec.ts:224:1 › translated content moves 40 pixels on both axes and remains usable (575ms)
  ✓  16 tests/fixture.spec.ts:280:1 › configuration fetch failure does not silently use the default fixture (104ms)

  16 passed (6.6s)
[WebServer] (node:35315) Warning: The 'NO_COLOR' env is ignored due to the 'FORCE_COLOR' env being set.
[WebServer] (Use `node --trace-warnings ...` to show where the warning was created)
[WebServer] (node:35316) Warning: The 'NO_COLOR' env is ignored due to the 'FORCE_COLOR' env being set.
[WebServer] (Use `node --trace-warnings ...` to show where the warning was created)
[WebServer] (node:35317) Warning: The 'NO_COLOR' env is ignored due to the 'FORCE_COLOR' env being set.
[WebServer] (Use `node --trace-warnings ...` to show where the warning was created)
[WebServer] (node:35318) Warning: The 'NO_COLOR' env is ignored due to the 'FORCE_COLOR' env being set.
[WebServer] (Use `node --trace-warnings ...` to show where the warning was created)
[WebServer] (node:35319) Warning: The 'NO_COLOR' env is ignored due to the 'FORCE_COLOR' env being set.
[WebServer] (Use `node --trace-warnings ...` to show where the warning was created)
[WebServer] (node:35320) Warning: The 'NO_COLOR' env is ignored due to the 'FORCE_COLOR' env being set.
[WebServer] (Use `node --trace-warnings ...` to show where the warning was created)
[WebServer] (node:35321) Warning: The 'NO_COLOR' env is ignored due to the 'FORCE_COLOR' env being set.
[WebServer] (Use `node --trace-warnings ...` to show where the warning was created)
[WebServer] (node:35322) Warning: The 'NO_COLOR' env is ignored due to the 'FORCE_COLOR' env being set.
[WebServer] (Use `node --trace-warnings ...` to show where the warning was created)
[WebServer] (node:35323) Warning: The 'NO_COLOR' env is ignored due to the 'FORCE_COLOR' env being set.
[WebServer] (Use `node --trace-warnings ...` to show where the warning was created)
(node:35326) Warning: The 'NO_COLOR' env is ignored due to the 'FORCE_COLOR' env being set.
(Use `node --trace-warnings ...` to show where the warning was created)
(node:35325) Warning: The 'NO_COLOR' env is ignored due to the 'FORCE_COLOR' env being set.
(Use `node --trace-warnings ...` to show where the warning was created)
(node:35324) Warning: The 'NO_COLOR' env is ignored due to the 'FORCE_COLOR' env being set.
(Use `node --trace-warnings ...` to show where the warning was created)

