test_arbitrary_interruption_has_no_resume_cursor (test_handoff.ControllerTests.test_arbitrary_interruption_has_no_resume_cursor) ... ok
test_detected_expiry_revokes_before_operator_requests_takeover (test_handoff.ControllerTests.test_detected_expiry_revokes_before_operator_requests_takeover) ... ok
test_duplicate_human_sequence_is_consumed_even_on_input_failure (test_handoff.ControllerTests.test_duplicate_human_sequence_is_consumed_even_on_input_failure) ... ok
test_expired_handoff_stops_without_browser_polling (test_handoff.ControllerTests.test_expired_handoff_stops_without_browser_polling) ... ok
test_external_cli_stop_is_reflected_and_revokes_panel_lease (test_handoff.ControllerTests.test_external_cli_stop_is_reflected_and_revokes_panel_lease) ... ok
test_handoff_diagnostics_reject_unreviewed_identifiers_and_business_values (test_handoff.ControllerTests.test_handoff_diagnostics_reject_unreviewed_identifiers_and_business_values) ... ok
test_handoff_retains_sanitized_interpreter_failure_context (test_handoff.ControllerTests.test_handoff_retains_sanitized_interpreter_failure_context) ... ok
test_http_maintenance_retries_expiry_after_busy_input_without_polling (test_handoff.ControllerTests.test_http_maintenance_retries_expiry_after_busy_input_without_polling) ... ok
test_http_stop_interrupts_hotkey_and_releases_modifier (test_handoff.ControllerTests.test_http_stop_interrupts_hotkey_and_releases_modifier) ... ok
test_http_stop_interrupts_typing_despite_status_polling (test_handoff.ControllerTests.test_http_stop_interrupts_typing_despite_status_polling) ... ok
test_premature_resume_never_launches_worker (test_handoff.ControllerTests.test_premature_resume_never_launches_worker) ... ok
test_wrong_screen_or_identity_retains_human_then_valid_return_rotates_epoch (test_handoff.ControllerTests.test_wrong_screen_or_identity_retains_human_then_valid_return_rotates_epoch) ... ok
test_cross_origin_host_and_token_rejected_before_controller (test_handoff.OperatorHTTPTests.test_cross_origin_host_and_token_rejected_before_controller) ... ok
test_frames_and_status_require_operator_token (test_handoff.OperatorHTTPTests.test_frames_and_status_require_operator_token) ... ok
test_unknown_fields_duplicate_keys_and_payload_bound (test_handoff.OperatorHTTPTests.test_unknown_fields_duplicate_keys_and_payload_bound) ... ok
test_valid_request_and_no_cache_headers (test_handoff.OperatorHTTPTests.test_valid_request_and_no_cache_headers) ... ok
test_automation_cannot_input_while_human_owns_same_session (test_handoff.OwnershipTests.test_automation_cannot_input_while_human_owns_same_session) ... ok
test_compare_and_swap_and_reset_bind_ownership (test_handoff.OwnershipTests.test_compare_and_swap_and_reset_bind_ownership) ... ok
test_delayed_human_request_rejected_after_resume (test_handoff.OwnershipTests.test_delayed_human_request_rejected_after_resume) ... ok
test_handoff_waits_for_inflight_input_and_modifier_cleanup (test_handoff.OwnershipTests.test_handoff_waits_for_inflight_input_and_modifier_cleanup) ... ok
test_revocation_interrupts_typing_and_old_epoch_stays_invalid_after_resume (test_handoff.OwnershipTests.test_revocation_interrupts_typing_and_old_epoch_stays_invalid_after_resume) ... ok
test_timeout_never_grants_human_input (test_handoff.OwnershipTests.test_timeout_never_grants_human_input) ... ok

----------------------------------------------------------------------
Ran 22 tests in 2.265s

OK
