./scripts/desktop build
#1 [internal] load local bake definitions
#1 reading from stdin 681B done
#1 DONE 0.0s

#2 [internal] load build definition from Dockerfile
#2 transferring dockerfile: 1.46kB done
#2 DONE 0.0s

#3 [internal] load metadata for docker.io/library/debian:bookworm-slim@sha256:88200866dfff7ea7f5cbcb6ec7c8a701889efe6fe859fe64d6990e4b07ea4171
#3 DONE 0.0s

#4 [internal] load .dockerignore
#4 transferring context: 206B done
#4 DONE 0.0s

#5 [ 1/11] FROM docker.io/library/debian:bookworm-slim@sha256:88200866dfff7ea7f5cbcb6ec7c8a701889efe6fe859fe64d6990e4b07ea4171
#5 resolve docker.io/library/debian:bookworm-slim@sha256:88200866dfff7ea7f5cbcb6ec7c8a701889efe6fe859fe64d6990e4b07ea4171 done
#5 DONE 0.0s

#6 [internal] load build context
#6 transferring context: 593.80kB 0.0s done
#6 DONE 0.0s

#7 [ 4/11] RUN python3 -m venv /opt/venv     && pip install --no-cache-dir --require-hashes -r /opt/desktop/requirements.lock     && useradd --create-home --uid 1000 desktop     && mkdir /artifacts /tmp/.X11-unix && chmod 1777 /tmp/.X11-unix     && chown desktop:desktop /artifacts     && dpkg-query -W > /opt/desktop/system-packages.txt
#7 CACHED

#8 [ 5/11] COPY infra/desktop/*.py /opt/desktop/
#8 CACHED

#9 [10/11] RUN python /build-source/infra/desktop/build_manifest.py /build-source /opt/build-manifest.json     && rm -rf /build-source
#9 CACHED

#10 [ 8/11] COPY capabilities /opt/capabilities/
#10 CACHED

#11 [ 9/11] COPY . /build-source
#11 CACHED

#12 [ 2/11] RUN apt-get update && apt-get install -y --no-install-recommends     ca-certificates chromium fonts-dejavu-core tesseract-ocr=5.3.0-2 tesseract-ocr-eng=1:4.1.0-2     openbox scrot x11-utils xauth xvfb     python3 python3-dev python3-tk python3-venv     && rm -rf /var/lib/apt/lists/*
#12 CACHED

#13 [ 6/11] COPY infra/desktop/chromium-policy.json /etc/chromium/policies/managed/interface-ai.json
#13 CACHED

#14 [ 7/11] COPY engine /opt/engine/
#14 CACHED

#15 [ 3/11] COPY infra/desktop/requirements.lock /opt/desktop/requirements.lock
#15 CACHED

#16 [11/11] WORKDIR /home/desktop
#16 CACHED

#17 exporting to image
#17 exporting layers done
#17 exporting manifest sha256:c40990d2d6f48a4560b4c9e87d88ff1404a33bcf491a1b901f5a173da94feecc done
#17 exporting config sha256:07082b895bc6d62f2b08f6516c2ed840acebcf1ef6fd064645bb09fd85519686 done
#17 exporting attestation manifest sha256:6831498ed7a59458f6291737faed6085735db0bd6f06362a5298471947eb6f67 done
#17 exporting manifest list sha256:c3afc9a92e03722e4c091ae4277d832873e777d7389bd32ca80f4fdcfba965dc done
#17 naming to docker.io/library/interface-ai-desktop:local done
#17 unpacking to docker.io/library/interface-ai-desktop:local done
#17 DONE 0.0s

#18 resolving provenance for metadata file
#18 DONE 0.0s
 interface-ai-desktop:local  Built
./scripts/fixture build
#1 [internal] load local bake definitions
#1 reading from stdin 708B done
#1 DONE 0.0s

#2 [internal] load build definition from Dockerfile
#2 transferring dockerfile: 709B done
#2 DONE 0.0s

#3 [internal] load metadata for docker.io/library/node:22-bookworm-slim@sha256:83f487e0a63425e5b4d146fb5e5be574bcbe1b7b843d3ebafdd95eaf7767a7e5
#3 DONE 0.0s

#4 [internal] load .dockerignore
#4 transferring context: 101B done
#4 DONE 0.0s

#5 [internal] load build context
#5 transferring context: 1.22kB done
#5 DONE 0.0s

#6 [build 1/6] FROM docker.io/library/node:22-bookworm-slim@sha256:83f487e0a63425e5b4d146fb5e5be574bcbe1b7b843d3ebafdd95eaf7767a7e5
#6 resolve docker.io/library/node:22-bookworm-slim@sha256:83f487e0a63425e5b4d146fb5e5be574bcbe1b7b843d3ebafdd95eaf7767a7e5 done
#6 DONE 0.0s

#7 [stage-1 3/6] COPY --from=build /build/dist ./dist
#7 CACHED

#8 [stage-1 4/6] COPY --from=build /build/build-manifest.json ./build-manifest.json
#8 CACHED

#9 [build 2/6] WORKDIR /build
#9 CACHED

#10 [build 3/6] COPY package.json package-lock.json ./
#10 CACHED

#11 [build 5/6] COPY . .
#11 CACHED

#12 [stage-1 5/6] COPY server/index.mjs server/scenarios.mjs ./server/
#12 CACHED

#13 [build 4/6] RUN npm ci --no-audit --no-fund
#13 CACHED

#14 [stage-1 2/6] WORKDIR /app
#14 CACHED

#15 [build 6/6] RUN npm run build && node server/build-manifest.mjs
#15 CACHED

#16 [stage-1 6/6] COPY INTER-LICENSE.txt ./INTER-LICENSE.txt
#16 CACHED

#17 exporting to image
#17 exporting layers done
#17 exporting manifest sha256:3b6f2d018796084d4cb7498bf94f4411c21f18947da992d72b5340faf04480d2 done
#17 exporting config sha256:e224a3cb2d31b52bf6b93a1fee356ddb7c15c64935ac961a9c0921194fd191c0 done
#17 exporting attestation manifest sha256:155013195d1c48bff2088b567ddcb2d6926244fbfa0a6f1fe199f45f428c027d done
#17 exporting manifest list sha256:172d824e581a97b866f49a743357008e5b07064fdba131620a57d9dc8e82f546 done
#17 naming to docker.io/library/interface-ai-bank-fixture:local done
#17 unpacking to docker.io/library/interface-ai-bank-fixture:local done
#17 DONE 0.0s

#18 resolving provenance for metadata file
#18 DONE 0.0s
 interface-ai-bank-fixture:local  Built
/Applications/Xcode.app/Contents/Developer/usr/bin/make demo MEMBER_ID=00456
./scripts/desktop reset bank "$SCENARIO"
 Container interface-ai-fixture-1  Recreate
 Container interface-ai-fixture-1  Recreated
 Container interface-ai-fixture-1  Starting
 Container interface-ai-fixture-1  Started
 Container interface-ai-fixture-1  Waiting
 Container interface-ai-fixture-1  Healthy
Fixture ready: http://fixture:4173 inside the desktop network; scenario=default. Reload any open fixture page after reset.
 Container interface-ai-gateway-1  Recreate
 Container interface-ai-gateway-1  Recreated
 Container interface-ai-gateway-1  Starting
 Container interface-ai-gateway-1  Started
 Container interface-ai-gateway-1  Waiting
 Container interface-ai-gateway-1  Healthy
 Container interface-ai-desktop-1  Recreate
 Container interface-ai-desktop-1  Recreated
 Container interface-ai-operator-1  Recreate
 Container interface-ai-operator-1  Recreated
 Container interface-ai-desktop-1  Starting
 Container interface-ai-desktop-1  Started
 Container interface-ai-desktop-1  Waiting
 Container interface-ai-desktop-1  Healthy
 Container interface-ai-operator-1  Starting
 Container interface-ai-operator-1  Started
 Container interface-ai-desktop-1  Waiting
 Container interface-ai-operator-1  Waiting
 Container interface-ai-desktop-1  Healthy
 Container interface-ai-operator-1  Healthy
{"id": "12f83c67-ce32-4464-a57e-b1e81d0ed514", "display": ":99", "width": 1280, "height": 800, "operator": "http://127.0.0.1:6081/", "mode": "bank", "windowId": 2097155, "windowClass": ["chromium (/tmp/interface-ai/chromium-profile)", "Chromium"], "appPid": 21, "sandbox": {"browserFilterCount": 1, "renderers": [{"pid": 140, "noNewPrivileges": true, "seccompMode": 2, "filterCount": 2, "pidNamespaceDepth": 3, "effectiveCapabilities": "0000000000000000", "disableSandboxFlag": false}, {"pid": 149, "noNewPrivileges": true, "seccompMode": 2, "filterCount": 2, "pidNamespaceDepth": 3, "effectiveCapabilities": "0000000000000000", "disableSandboxFlag": false}, {"pid": 158, "noNewPrivileges": true, "seccompMode": 2, "filterCount": 2, "pidNamespaceDepth": 3, "effectiveCapabilities": "0000000000000000", "disableSandboxFlag": false}]}, "pids": {"display": 9, "window manager": 14, "Chromium": 21}, "inputStopped": false}
Operator: http://127.0.0.1:6081/
./scripts/desktop replay --capability "$CAPABILITY" --member-id "$MEMBER_ID"
{"status": "success", "code": null, "outcome": null, "phase": "success", "evidence": "/artifacts/20260921T034617Z-replay-4cd5dce4"}
