
> @interface-ai/bank-fixture@0.1.0 test
> npm run build && playwright test


> @interface-ai/bank-fixture@0.1.0 build
> npm run typecheck && vite build


> @interface-ai/bank-fixture@0.1.0 typecheck
> tsc --noEmit

vite v8.3.0 building client environment for production...
transforming...
✓ 21 modules transformed.
rendering chunks...
computing gzip size...
dist/index.html                                      0.50 kB │ gzip:  0.31 kB
dist/assets/inter-latin-400-normal-C38fXH4l.woff2   23.66 kB
dist/assets/inter-latin-500-normal-Cerq10X2.woff2   24.27 kB
dist/assets/inter-latin-700-normal-Yt3aPRUw.woff2   24.35 kB
dist/assets/inter-latin-600-normal-LgqL8muc.woff2   24.45 kB
dist/assets/inter-latin-400-normal-CyCys3Eg.woff    30.69 kB
dist/assets/inter-latin-600-normal-CiBQ2DWP.woff    31.26 kB
dist/assets/inter-latin-500-normal-BL9OpVg8.woff    31.28 kB
dist/assets/inter-latin-700-normal-BLAVimhd.woff    31.32 kB
dist/assets/index-k4Vh3dD9.css                       9.83 kB │ gzip:  2.81 kB
dist/assets/index-Bp_I3Bqq.js                      231.21 kB │ gzip: 72.05 kB

✓ built in 77ms
[WebServer] (node:55551) Warning: The 'NO_COLOR' env is ignored due to the 'FORCE_COLOR' env being set.
[WebServer] (Use `node --trace-warnings ...` to show where the warning was created)
[WebServer] (node:55552) Warning: The 'NO_COLOR' env is ignored due to the 'FORCE_COLOR' env being set.
[WebServer] (Use `node --trace-warnings ...` to show where the warning was created)
[WebServer] (node:55553) Warning: The 'NO_COLOR' env is ignored due to the 'FORCE_COLOR' env being set.
[WebServer] (Use `node --trace-warnings ...` to show where the warning was created)
[WebServer] (node:55554) Warning: The 'NO_COLOR' env is ignored due to the 'FORCE_COLOR' env being set.
[WebServer] (Use `node --trace-warnings ...` to show where the warning was created)
[WebServer] (node:55555) Warning: The 'NO_COLOR' env is ignored due to the 'FORCE_COLOR' env being set.
[WebServer] (Use `node --trace-warnings ...` to show where the warning was created)
[WebServer] (node:55556) Warning: The 'NO_COLOR' env is ignored due to the 'FORCE_COLOR' env being set.
[WebServer] (Use `node --trace-warnings ...` to show where the warning was created)
[WebServer] (node:55557) Warning: The 'NO_COLOR' env is ignored due to the 'FORCE_COLOR' env being set.
[WebServer] (Use `node --trace-warnings ...` to show where the warning was created)
[WebServer] (node:55561) Warning: The 'NO_COLOR' env is ignored due to the 'FORCE_COLOR' env being set.
[WebServer] (Use `node --trace-warnings ...` to show where the warning was created)

Running 15 tests using 3 workers

(node:55564) Warning: The 'NO_COLOR' env is ignored due to the 'FORCE_COLOR' env being set.
(Use `node --trace-warnings ...` to show where the warning was created)
(node:55562) Warning: The 'NO_COLOR' env is ignored due to the 'FORCE_COLOR' env being set.
(Use `node --trace-warnings ...` to show where the warning was created)
(node:55563) Warning: The 'NO_COLOR' env is ignored due to the 'FORCE_COLOR' env being set.
(Use `node --trace-warnings ...` to show where the warning was created)
  ✘   2 tests/fixture.spec.ts:23:1 › policy scenario has a real synthetic risky control and untrusted instruction (0ms)
  ✘   1 tests/fixture.spec.ts:5:1 › expiry requires manual restoration and preserves the searched member (1ms)
  ✘   3 tests/fixture.spec.ts:41:3 › savings lookup preserves identity 00123 (1ms)
(node:55565) Warning: The 'NO_COLOR' env is ignored due to the 'FORCE_COLOR' env being set.
(Use `node --trace-warnings ...` to show where the warning was created)
(node:55566) Warning: The 'NO_COLOR' env is ignored due to the 'FORCE_COLOR' env being set.
(Use `node --trace-warnings ...` to show where the warning was created)
(node:55567) Warning: The 'NO_COLOR' env is ignored due to the 'FORCE_COLOR' env being set.
(Use `node --trace-warnings ...` to show where the warning was created)
  ✘   4 tests/fixture.spec.ts:105:1 › return navigation and another member never retain the old balance (1ms)
  ✘   5 tests/fixture.spec.ts:136:1 › missing member is explicit and a later valid search recovers (1ms)
  ✘   6 tests/fixture.spec.ts:41:3 › savings lookup preserves identity 00456 (0ms)
(node:55568) Warning: The 'NO_COLOR' env is ignored due to the 'FORCE_COLOR' env being set.
(Use `node --trace-warnings ...` to show where the warning was created)
(node:55571) Warning: The 'NO_COLOR' env is ignored due to the 'FORCE_COLOR' env being set.
(Use `node --trace-warnings ...` to show where the warning was created)
(node:55570) Warning: The 'NO_COLOR' env is ignored due to the 'FORCE_COLOR' env being set.
(Use `node --trace-warnings ...` to show where the warning was created)
  ✘   7 tests/fixture.spec.ts:152:1 › invalid IDs are rejected without trimming, coercion, or silent padding (1ms)
  ✘   8 tests/fixture.spec.ts:170:1 › delayed search shows loading before resolving (0ms)
  ✘   9 tests/fixture.spec.ts:185:1 › cancelled delayed search cannot overwrite a fresh search screen (1ms)
(node:55572) Warning: The 'NO_COLOR' env is ignored due to the 'FORCE_COLOR' env being set.
(Use `node --trace-warnings ...` to show where the warning was created)
(node:55573) Warning: The 'NO_COLOR' env is ignored due to the 'FORCE_COLOR' env being set.
(Use `node --trace-warnings ...` to show where the warning was created)
(node:55574) Warning: The 'NO_COLOR' env is ignored due to the 'FORCE_COLOR' env being set.
(Use `node --trace-warnings ...` to show where the warning was created)
  ✘  10 tests/fixture.spec.ts:198:1 › blocked search never reaches a result and can be reset (1ms)
  ✘  11 tests/fixture.spec.ts:212:1 › duplicate scenario presents two indistinguishable savings targets (1ms)
  ✘  12 tests/fixture.spec.ts:232:1 › unreadable output never presents a numerical savings balance (0ms)
(node:55575) Warning: The 'NO_COLOR' env is ignored due to the 'FORCE_COLOR' env being set.
(Use `node --trace-warnings ...` to show where the warning was created)
(node:55576) Warning: The 'NO_COLOR' env is ignored due to the 'FORCE_COLOR' env being set.
(Use `node --trace-warnings ...` to show where the warning was created)
(node:55577) Warning: The 'NO_COLOR' env is ignored due to the 'FORCE_COLOR' env being set.
(Use `node --trace-warnings ...` to show where the warning was created)
  ✘  13 tests/fixture.spec.ts:253:1 › translated content moves 40 pixels on both axes and remains usable (1ms)
  ✘  14 tests/fixture.spec.ts:321:1 › configuration fetch failure does not silently use the default fixture (1ms)
  ✘  15 tests/fixture.spec.ts:284:1 › only launch-time scenario controls apply; oracle and source are not served (0ms)


  1) tests/fixture.spec.ts:5:1 › expiry requires manual restoration and preserves the searched member 

    Error: browserType.launch: Executable doesn't exist at /Users/phillip/Library/Caches/ms-playwright/chromium_headless_shell-1243/chrome-headless-shell-mac-arm64/chrome-headless-shell
    ╔════════════════════════════════════════════════════════════╗
    ║ Looks like Playwright was just installed or updated.       ║
    ║ Please run the following command to download new browsers: ║
    ║                                                            ║
    ║     npx playwright install                                 ║
    ║                                                            ║
    ║ <3 Playwright Team                                         ║
    ╚════════════════════════════════════════════════════════════╝

    Error Context: test-results/fixture-expiry-requires-ma-fa7a7-eserves-the-searched-member/error-context.md

  2) tests/fixture.spec.ts:23:1 › policy scenario has a real synthetic risky control and untrusted instruction 

    Error: browserType.launch: Executable doesn't exist at /Users/phillip/Library/Caches/ms-playwright/chromium_headless_shell-1243/chrome-headless-shell-mac-arm64/chrome-headless-shell
    ╔════════════════════════════════════════════════════════════╗
    ║ Looks like Playwright was just installed or updated.       ║
    ║ Please run the following command to download new browsers: ║
    ║                                                            ║
    ║     npx playwright install                                 ║
    ║                                                            ║
    ║ <3 Playwright Team                                         ║
    ╚════════════════════════════════════════════════════════════╝

    Error Context: test-results/fixture-policy-scenario-ha-a2566-l-and-untrusted-instruction/error-context.md

  3) tests/fixture.spec.ts:41:3 › savings lookup preserves identity 00123 ──────────────────────────

    Error: browserType.launch: Executable doesn't exist at /Users/phillip/Library/Caches/ms-playwright/chromium_headless_shell-1243/chrome-headless-shell-mac-arm64/chrome-headless-shell
    ╔════════════════════════════════════════════════════════════╗
    ║ Looks like Playwright was just installed or updated.       ║
    ║ Please run the following command to download new browsers: ║
    ║                                                            ║
    ║     npx playwright install                                 ║
    ║                                                            ║
    ║ <3 Playwright Team                                         ║
    ╚════════════════════════════════════════════════════════════╝

    Error Context: test-results/fixture-savings-lookup-preserves-identity-00123/error-context.md

  4) tests/fixture.spec.ts:41:3 › savings lookup preserves identity 00456 ──────────────────────────

    Error: browserType.launch: Executable doesn't exist at /Users/phillip/Library/Caches/ms-playwright/chromium_headless_shell-1243/chrome-headless-shell-mac-arm64/chrome-headless-shell
    ╔════════════════════════════════════════════════════════════╗
    ║ Looks like Playwright was just installed or updated.       ║
    ║ Please run the following command to download new browsers: ║
    ║                                                            ║
    ║     npx playwright install                                 ║
    ║                                                            ║
    ║ <3 Playwright Team                                         ║
    ╚════════════════════════════════════════════════════════════╝

    Error Context: test-results/fixture-savings-lookup-preserves-identity-00456/error-context.md

  5) tests/fixture.spec.ts:105:1 › return navigation and another member never retain the old balance 

    Error: browserType.launch: Executable doesn't exist at /Users/phillip/Library/Caches/ms-playwright/chromium_headless_shell-1243/chrome-headless-shell-mac-arm64/chrome-headless-shell
    ╔════════════════════════════════════════════════════════════╗
    ║ Looks like Playwright was just installed or updated.       ║
    ║ Please run the following command to download new browsers: ║
    ║                                                            ║
    ║     npx playwright install                                 ║
    ║                                                            ║
    ║ <3 Playwright Team                                         ║
    ╚════════════════════════════════════════════════════════════╝

    Error Context: test-results/fixture-return-navigation--0f669-ever-retain-the-old-balance/error-context.md

  6) tests/fixture.spec.ts:136:1 › missing member is explicit and a later valid search recovers ────

    Error: browserType.launch: Executable doesn't exist at /Users/phillip/Library/Caches/ms-playwright/chromium_headless_shell-1243/chrome-headless-shell-mac-arm64/chrome-headless-shell
    ╔════════════════════════════════════════════════════════════╗
    ║ Looks like Playwright was just installed or updated.       ║
    ║ Please run the following command to download new browsers: ║
    ║                                                            ║
    ║     npx playwright install                                 ║
    ║                                                            ║
    ║ <3 Playwright Team                                         ║
    ╚════════════════════════════════════════════════════════════╝

    Error Context: test-results/fixture-missing-member-is--792fd-later-valid-search-recovers/error-context.md

  7) tests/fixture.spec.ts:152:1 › invalid IDs are rejected without trimming, coercion, or silent padding 

    Error: browserType.launch: Executable doesn't exist at /Users/phillip/Library/Caches/ms-playwright/chromium_headless_shell-1243/chrome-headless-shell-mac-arm64/chrome-headless-shell
    ╔════════════════════════════════════════════════════════════╗
    ║ Looks like Playwright was just installed or updated.       ║
    ║ Please run the following command to download new browsers: ║
    ║                                                            ║
    ║     npx playwright install                                 ║
    ║                                                            ║
    ║ <3 Playwright Team                                         ║
    ╚════════════════════════════════════════════════════════════╝

    Error Context: test-results/fixture-invalid-IDs-are-re-e73da--coercion-or-silent-padding/error-context.md

  8) tests/fixture.spec.ts:170:1 › delayed search shows loading before resolving ───────────────────

    Error: browserType.launch: Executable doesn't exist at /Users/phillip/Library/Caches/ms-playwright/chromium_headless_shell-1243/chrome-headless-shell-mac-arm64/chrome-headless-shell
    ╔════════════════════════════════════════════════════════════╗
    ║ Looks like Playwright was just installed or updated.       ║
    ║ Please run the following command to download new browsers: ║
    ║                                                            ║
    ║     npx playwright install                                 ║
    ║                                                            ║
    ║ <3 Playwright Team                                         ║
    ╚════════════════════════════════════════════════════════════╝

    Error Context: test-results/fixture-delayed-search-shows-loading-before-resolving/error-context.md

  9) tests/fixture.spec.ts:185:1 › cancelled delayed search cannot overwrite a fresh search screen ─

    Error: browserType.launch: Executable doesn't exist at /Users/phillip/Library/Caches/ms-playwright/chromium_headless_shell-1243/chrome-headless-shell-mac-arm64/chrome-headless-shell
    ╔════════════════════════════════════════════════════════════╗
    ║ Looks like Playwright was just installed or updated.       ║
    ║ Please run the following command to download new browsers: ║
    ║                                                            ║
    ║     npx playwright install                                 ║
    ║                                                            ║
    ║ <3 Playwright Team                                         ║
    ╚════════════════════════════════════════════════════════════╝

    Error Context: test-results/fixture-cancelled-delayed--4659a-write-a-fresh-search-screen/error-context.md

  10) tests/fixture.spec.ts:198:1 › blocked search never reaches a result and can be reset ─────────

    Error: browserType.launch: Executable doesn't exist at /Users/phillip/Library/Caches/ms-playwright/chromium_headless_shell-1243/chrome-headless-shell-mac-arm64/chrome-headless-shell
    ╔════════════════════════════════════════════════════════════╗
    ║ Looks like Playwright was just installed or updated.       ║
    ║ Please run the following command to download new browsers: ║
    ║                                                            ║
    ║     npx playwright install                                 ║
    ║                                                            ║
    ║ <3 Playwright Team                                         ║
    ╚════════════════════════════════════════════════════════════╝

    Error Context: test-results/fixture-blocked-search-nev-1d4f3-s-a-result-and-can-be-reset/error-context.md

  11) tests/fixture.spec.ts:212:1 › duplicate scenario presents two indistinguishable savings targets 

    Error: browserType.launch: Executable doesn't exist at /Users/phillip/Library/Caches/ms-playwright/chromium_headless_shell-1243/chrome-headless-shell-mac-arm64/chrome-headless-shell
    ╔════════════════════════════════════════════════════════════╗
    ║ Looks like Playwright was just installed or updated.       ║
    ║ Please run the following command to download new browsers: ║
    ║                                                            ║
    ║     npx playwright install                                 ║
    ║                                                            ║
    ║ <3 Playwright Team                                         ║
    ╚════════════════════════════════════════════════════════════╝

    Error Context: test-results/fixture-duplicate-scenario-08960-inguishable-savings-targets/error-context.md

  12) tests/fixture.spec.ts:232:1 › unreadable output never presents a numerical savings balance ───

    Error: browserType.launch: Executable doesn't exist at /Users/phillip/Library/Caches/ms-playwright/chromium_headless_shell-1243/chrome-headless-shell-mac-arm64/chrome-headless-shell
    ╔════════════════════════════════════════════════════════════╗
    ║ Looks like Playwright was just installed or updated.       ║
    ║ Please run the following command to download new browsers: ║
    ║                                                            ║
    ║     npx playwright install                                 ║
    ║                                                            ║
    ║ <3 Playwright Team                                         ║
    ╚════════════════════════════════════════════════════════════╝

    Error Context: test-results/fixture-unreadable-output--a3439-a-numerical-savings-balance/error-context.md

  13) tests/fixture.spec.ts:253:1 › translated content moves 40 pixels on both axes and remains usable 

    Error: browserType.launch: Executable doesn't exist at /Users/phillip/Library/Caches/ms-playwright/chromium_headless_shell-1243/chrome-headless-shell-mac-arm64/chrome-headless-shell
    ╔════════════════════════════════════════════════════════════╗
    ║ Looks like Playwright was just installed or updated.       ║
    ║ Please run the following command to download new browsers: ║
    ║                                                            ║
    ║     npx playwright install                                 ║
    ║                                                            ║
    ║ <3 Playwright Team                                         ║
    ╚════════════════════════════════════════════════════════════╝

    Error Context: test-results/fixture-translated-content-39208-oth-axes-and-remains-usable/error-context.md

  14) tests/fixture.spec.ts:284:1 › only launch-time scenario controls apply; oracle and source are not served 

    Error: browserType.launch: Executable doesn't exist at /Users/phillip/Library/Caches/ms-playwright/chromium_headless_shell-1243/chrome-headless-shell-mac-arm64/chrome-headless-shell
    ╔════════════════════════════════════════════════════════════╗
    ║ Looks like Playwright was just installed or updated.       ║
    ║ Please run the following command to download new browsers: ║
    ║                                                            ║
    ║     npx playwright install                                 ║
    ║                                                            ║
    ║ <3 Playwright Team                                         ║
    ╚════════════════════════════════════════════════════════════╝

    Error Context: test-results/fixture-only-launch-time-s-df262-e-and-source-are-not-served/error-context.md

  15) tests/fixture.spec.ts:321:1 › configuration fetch failure does not silently use the default fixture 

    Error: browserType.launch: Executable doesn't exist at /Users/phillip/Library/Caches/ms-playwright/chromium_headless_shell-1243/chrome-headless-shell-mac-arm64/chrome-headless-shell
    ╔════════════════════════════════════════════════════════════╗
    ║ Looks like Playwright was just installed or updated.       ║
    ║ Please run the following command to download new browsers: ║
    ║                                                            ║
    ║     npx playwright install                                 ║
    ║                                                            ║
    ║ <3 Playwright Team                                         ║
    ╚════════════════════════════════════════════════════════════╝

    Error Context: test-results/fixture-configuration-fetc-9e2c0-tly-use-the-default-fixture/error-context.md

  15 failed
    tests/fixture.spec.ts:5:1 › expiry requires manual restoration and preserves the searched member 
    tests/fixture.spec.ts:23:1 › policy scenario has a real synthetic risky control and untrusted instruction 
    tests/fixture.spec.ts:41:3 › savings lookup preserves identity 00123 ───────────────────────────
    tests/fixture.spec.ts:41:3 › savings lookup preserves identity 00456 ───────────────────────────
    tests/fixture.spec.ts:105:1 › return navigation and another member never retain the old balance 
    tests/fixture.spec.ts:136:1 › missing member is explicit and a later valid search recovers ─────
    tests/fixture.spec.ts:152:1 › invalid IDs are rejected without trimming, coercion, or silent padding 
    tests/fixture.spec.ts:170:1 › delayed search shows loading before resolving ────────────────────
    tests/fixture.spec.ts:185:1 › cancelled delayed search cannot overwrite a fresh search screen ──
    tests/fixture.spec.ts:198:1 › blocked search never reaches a result and can be reset ───────────
    tests/fixture.spec.ts:212:1 › duplicate scenario presents two indistinguishable savings targets 
    tests/fixture.spec.ts:232:1 › unreadable output never presents a numerical savings balance ─────
    tests/fixture.spec.ts:253:1 › translated content moves 40 pixels on both axes and remains usable 
    tests/fixture.spec.ts:284:1 › only launch-time scenario controls apply; oracle and source are not served 
    tests/fixture.spec.ts:321:1 › configuration fetch failure does not silently use the default fixture 
